[Mon Oct 28 18:57:24.936464 2013] [mime:error] [pid 5046] (2)No such file or directory: AH01597: could not open mime types config file /home/crooks/apache/mime.types.
AH00016: Configuration Failed
[Mon Oct 28 18:58:51.914359 2013] [:notice] [pid 5189] mod_python: Creating 8 session mutexes based on 256 max processes and 0 max threads.
[Mon Oct 28 18:58:51.914449 2013] [:notice] [pid 5189] mod_python: using mutex_directory /tmp 
[Mon Oct 28 18:58:51.930558 2013] [mpm_prefork:notice] [pid 5189] AH00163: Apache/2.4.6 (Debian) mod_python/3.3.1 Python/2.7.5+ configured -- resuming normal operations
[Mon Oct 28 18:58:51.930580 2013] [mpm_prefork:info] [pid 5189] AH00164: Server built: Aug 12 2013 19:00:58
[Mon Oct 28 18:58:51.930590 2013] [core:notice] [pid 5189] AH00094: Command line: '/usr/sbin/apache2 -d /home/crooks/apache -f /home/crooks/apache/conf/httpd.conf'
[Mon Oct 28 18:59:07.909561 2013] [core:info] [pid 5191] [client 81.187.219.205:60303] AH00130: File does not exist: /home/crooks/apache/www/collector.py/msg, referer: http://snorky.mixmin.net:8080/submit.html
[Mon Oct 28 19:00:29.677730 2013] [core:info] [pid 5192] [client 81.187.219.205:60322] AH00130: File does not exist: /home/crooks/apache/www/collector.py/msg, referer: http://snorky.mixmin.net:8080/submit.html
[Mon Oct 28 19:10:04.404412 2013] [core:info] [pid 5189] AH00096: removed PID file /home/crooks/apache/run/httpd.pid (pid=5189)
[Mon Oct 28 19:10:04.404436 2013] [mpm_prefork:notice] [pid 5189] AH00169: caught SIGTERM, shutting down
[Mon Oct 28 19:10:07.458777 2013] [:notice] [pid 5872] mod_python: Creating 8 session mutexes based on 256 max processes and 0 max threads.
[Mon Oct 28 19:10:07.458866 2013] [:notice] [pid 5872] mod_python: using mutex_directory /tmp 
[Mon Oct 28 19:10:07.493581 2013] [mpm_prefork:notice] [pid 5872] AH00163: Apache/2.4.6 (Debian) mod_python/3.3.1 Python/2.7.5+ configured -- resuming normal operations
[Mon Oct 28 19:10:07.493606 2013] [mpm_prefork:info] [pid 5872] AH00164: Server built: Aug 12 2013 19:00:58
[Mon Oct 28 19:10:07.493617 2013] [core:notice] [pid 5872] AH00094: Command line: '/usr/sbin/apache2 -d /home/crooks/apache -f /home/crooks/apache/conf/httpd.conf'
[Mon Oct 28 19:11:11.395645 2013] [core:info] [pid 5872] AH00096: removed PID file /home/crooks/apache/run/httpd.pid (pid=5872)
[Mon Oct 28 19:11:11.395670 2013] [mpm_prefork:notice] [pid 5872] AH00169: caught SIGTERM, shutting down
[Mon Oct 28 19:11:15.915346 2013] [:notice] [pid 6056] mod_python: Creating 8 session mutexes based on 256 max processes and 0 max threads.
[Mon Oct 28 19:11:15.915432 2013] [:notice] [pid 6056] mod_python: using mutex_directory /tmp 
[Mon Oct 28 19:11:15.931357 2013] [mpm_prefork:notice] [pid 6056] AH00163: Apache/2.4.6 (Debian) mod_python/3.3.1 Python/2.7.5+ configured -- resuming normal operations
[Mon Oct 28 19:11:15.931377 2013] [mpm_prefork:info] [pid 6056] AH00164: Server built: Aug 12 2013 19:00:58
[Mon Oct 28 19:11:15.931388 2013] [core:notice] [pid 6056] AH00094: Command line: '/usr/sbin/apache2 -d /home/crooks/apache -f /home/crooks/apache/conf/httpd.conf'
[Mon Oct 28 19:11:54.431227 2013] [core:info] [pid 6059] [client 81.187.219.205:60470] AH00130: File does not exist: /home/crooks/apache/www/collector.py/msg, referer: http://snorky.mixmin.net:8080/submit.html
[Mon Oct 28 19:14:03.922412 2013] [core:info] [pid 6056] AH00096: removed PID file /home/crooks/apache/run/httpd.pid (pid=6056)
[Mon Oct 28 19:14:03.922436 2013] [mpm_prefork:notice] [pid 6056] AH00169: caught SIGTERM, shutting down
[Mon Oct 28 19:14:06.031870 2013] [:notice] [pid 6624] mod_python: Creating 8 session mutexes based on 256 max processes and 0 max threads.
[Mon Oct 28 19:14:06.042027 2013] [:notice] [pid 6624] mod_python: using mutex_directory /tmp 
[Mon Oct 28 19:14:06.058064 2013] [mpm_prefork:notice] [pid 6624] AH00163: Apache/2.4.6 (Debian) mod_python/3.3.1 Python/2.7.5+ configured -- resuming normal operations
[Mon Oct 28 19:14:06.058085 2013] [mpm_prefork:info] [pid 6624] AH00164: Server built: Aug 12 2013 19:00:58
[Mon Oct 28 19:14:06.058096 2013] [core:notice] [pid 6624] AH00094: Command line: '/usr/sbin/apache2 -d /home/crooks/apache -f /home/crooks/apache/conf/httpd.conf'
[Mon Oct 28 19:14:50.101278 2013] [:error] [pid 6629] [client 81.187.219.205:60525] mod_python.publisher: nothing to publish., referer: http://snorky.mixmin.net:8080/submit.html
[Mon Oct 28 20:48:27.471731 2013] [core:info] [pid 6644] [client 61.231.4.10:4603] AH00129: Attempt to serve directory: /home/crooks/apache/www/
[Mon Oct 28 23:22:50.148844 2013] [core:info] [pid 6625] [client 60.173.14.85:63862] AH00129: Attempt to serve directory: /home/crooks/apache/www/
[Tue Oct 29 00:12:55.341494 2013] [core:info] [pid 6624] AH00096: removed PID file /home/crooks/apache/run/httpd.pid (pid=6624)
[Tue Oct 29 00:12:55.341519 2013] [mpm_prefork:notice] [pid 6624] AH00169: caught SIGTERM, shutting down
[Tue Oct 29 00:12:58.310128 2013] [:notice] [pid 29160] mod_python: Creating 8 session mutexes based on 256 max processes and 0 max threads.
[Tue Oct 29 00:12:58.310329 2013] [:notice] [pid 29160] mod_python: using mutex_directory /tmp 
[Tue Oct 29 00:12:58.326673 2013] [mpm_prefork:notice] [pid 29160] AH00163: Apache/2.4.6 (Debian) mod_python/3.3.1 Python/2.7.5+ configured -- resuming normal operations
[Tue Oct 29 00:12:58.326699 2013] [mpm_prefork:info] [pid 29160] AH00164: Server built: Aug 12 2013 19:00:58
[Tue Oct 29 00:12:58.326710 2013] [core:notice] [pid 29160] AH00094: Command line: '/usr/sbin/apache2 -d /home/crooks/apache -f /home/crooks/apache/conf/httpd.conf'
[Tue Oct 29 00:14:24.915951 2013] [core:info] [pid 29160] AH00096: removed PID file /home/crooks/apache/run/httpd.pid (pid=29160)
[Tue Oct 29 00:14:24.915977 2013] [mpm_prefork:notice] [pid 29160] AH00169: caught SIGTERM, shutting down
[Tue Oct 29 00:14:27.614083 2013] [:notice] [pid 29246] mod_python: Creating 8 session mutexes based on 256 max processes and 0 max threads.
[Tue Oct 29 00:14:27.614192 2013] [:notice] [pid 29246] mod_python: using mutex_directory /tmp 
[Tue Oct 29 00:14:27.628684 2013] [mpm_prefork:notice] [pid 29246] AH00163: Apache/2.4.6 (Debian) mod_python/3.3.1 Python/2.7.5+ configured -- resuming normal operations
[Tue Oct 29 00:14:27.628699 2013] [mpm_prefork:info] [pid 29246] AH00164: Server built: Aug 12 2013 19:00:58
[Tue Oct 29 00:14:27.628706 2013] [core:notice] [pid 29246] AH00094: Command line: '/usr/sbin/apache2 -d /home/crooks/apache -f /home/crooks/apache/conf/httpd.conf'
[Tue Oct 29 00:15:48.067513 2013] [core:info] [pid 29246] AH00096: removed PID file /home/crooks/apache/run/httpd.pid (pid=29246)
[Tue Oct 29 00:15:48.067537 2013] [mpm_prefork:notice] [pid 29246] AH00169: caught SIGTERM, shutting down
[Tue Oct 29 00:15:50.164070 2013] [:notice] [pid 29446] mod_python: Creating 8 session mutexes based on 256 max processes and 0 max threads.
[Tue Oct 29 00:15:50.164156 2013] [:notice] [pid 29446] mod_python: using mutex_directory /home/crooks/apache/tmp 
[Tue Oct 29 00:15:50.176327 2013] [mpm_prefork:notice] [pid 29446] AH00163: Apache/2.4.6 (Debian) mod_python/3.3.1 Python/2.7.5+ configured -- resuming normal operations
[Tue Oct 29 00:15:50.176341 2013] [mpm_prefork:info] [pid 29446] AH00164: Server built: Aug 12 2013 19:00:58
[Tue Oct 29 00:15:50.176347 2013] [core:notice] [pid 29446] AH00094: Command line: '/usr/sbin/apache2 -d /home/crooks/apache -f /home/crooks/apache/conf/httpd.conf'
[Tue Oct 29 01:24:05.310451 2013] [core:info] [pid 29447] [client 60.173.14.85:36473] AH00129: Attempt to serve directory: /home/crooks/apache/www/
[Tue Oct 29 02:19:05.383490 2013] [core:info] [pid 29451] [client 60.173.14.85:48602] AH00129: Attempt to serve directory: /home/crooks/apache/www/
[Tue Oct 29 03:27:42.009659 2013] [core:info] [pid 1935] [client 60.173.14.85:49187] AH00129: Attempt to serve directory: /home/crooks/apache/www/
[Tue Oct 29 04:33:03.012679 2013] [core:info] [pid 29447] [client 96.44.189.100:2776] AH00129: Attempt to serve directory: /home/crooks/apache/www/
[Tue Oct 29 04:38:21.035474 2013] [core:info] [pid 29448] [client 60.173.14.85:19323] AH00129: Attempt to serve directory: /home/crooks/apache/www/
[Tue Oct 29 05:54:37.797023 2013] [core:info] [pid 29449] [client 198.20.70.114:40520] AH00129: Attempt to serve directory: /home/crooks/apache/www/
[Tue Oct 29 05:54:38.124049 2013] [core:info] [pid 29450] [client 198.20.70.114:40532] AH00128: File does not exist: /home/crooks/apache/www/robots.txt
[Tue Oct 29 06:04:17.251016 2013] [core:info] [pid 29451] [client 60.173.14.85:23759] AH00129: Attempt to serve directory: /home/crooks/apache/www/
[Tue Oct 29 06:23:01.039691 2013] [core:info] [pid 1935] [client 121.56.222.146:3095] AH00128: File does not exist: /home/crooks/apache/www/robots.txt
[Tue Oct 29 06:30:59.425988 2013] [core:info] [pid 29447] [client 111.73.45.116:48612] AH00128: File does not exist: /home/crooks/apache/www/proxy.txt
[Tue Oct 29 07:22:18.533686 2013] [core:info] [pid 29448] [client 60.173.14.85:23020] AH00129: Attempt to serve directory: /home/crooks/apache/www/
[Tue Oct 29 08:38:41.708809 2013] [core:info] [pid 29450] [client 60.173.14.85:41200] AH00129: Attempt to serve directory: /home/crooks/apache/www/
[Tue Oct 29 09:42:58.029050 2013] [core:info] [pid 29449] [client 60.173.14.85:60181] AH00129: Attempt to serve directory: /home/crooks/apache/www/
[Tue Oct 29 10:39:01.840441 2013] [core:info] [pid 29451] [client 2a01:4f8:100:5243::3:42269] AH00128: File does not exist: /home/crooks/apache/www/newmix/collector.py/msg
[Tue Oct 29 10:39:01.846756 2013] [core:info] [pid 1935] [client 2a01:4f8:100:5243::3:42270] AH00128: File does not exist: /home/crooks/apache/www/newmix/collector.py/msg
[Tue Oct 29 10:39:01.850774 2013] [core:info] [pid 29447] [client 2a01:4f8:100:5243::3:42271] AH00128: File does not exist: /home/crooks/apache/www/newmix/collector.py/msg
[Tue Oct 29 10:39:01.856854 2013] [core:info] [pid 29448] [client 2a01:4f8:100:5243::3:42272] AH00128: File does not exist: /home/crooks/apache/www/newmix/collector.py/msg
[Tue Oct 29 10:39:01.862944 2013] [core:info] [pid 29450] [client 2a01:4f8:100:5243::3:42273] AH00128: File does not exist: /home/crooks/apache/www/newmix/collector.py/msg
[Tue Oct 29 10:39:01.869012 2013] [core:info] [pid 29449] [client 2a01:4f8:100:5243::3:42274] AH00128: File does not exist: /home/crooks/apache/www/newmix/collector.py/msg
[Tue Oct 29 10:39:01.875206 2013] [core:info] [pid 29451] [client 2a01:4f8:100:5243::3:42275] AH00128: File does not exist: /home/crooks/apache/www/newmix/collector.py/msg
[Tue Oct 29 10:39:01.881442 2013] [core:info] [pid 8411] [client 2a01:4f8:100:5243::3:42276] AH00128: File does not exist: /home/crooks/apache/www/newmix/collector.py/msg
[Tue Oct 29 10:40:01.951270 2013] [core:info] [pid 1935] [client 2a01:4f8:100:5243::3:42288] AH00128: File does not exist: /home/crooks/apache/www/newmix/collector.py/msg
[Tue Oct 29 10:40:01.957397 2013] [core:info] [pid 29447] [client 2a01:4f8:100:5243::3:42289] AH00128: File does not exist: /home/crooks/apache/www/newmix/collector.py/msg
[Tue Oct 29 10:40:01.963351 2013] [core:info] [pid 29448] [client 2a01:4f8:100:5243::3:42290] AH00128: File does not exist: /home/crooks/apache/www/newmix/collector.py/msg
[Tue Oct 29 10:40:01.969435 2013] [core:info] [pid 29450] [client 2a01:4f8:100:5243::3:42291] AH00128: File does not exist: /home/crooks/apache/www/newmix/collector.py/msg
[Tue Oct 29 10:40:01.975573 2013] [core:info] [pid 29449] [client 2a01:4f8:100:5243::3:42292] AH00128: File does not exist: /home/crooks/apache/www/newmix/collector.py/msg
[Tue Oct 29 10:40:01.981518 2013] [core:info] [pid 29451] [client 2a01:4f8:100:5243::3:42293] AH00128: File does not exist: /home/crooks/apache/www/newmix/collector.py/msg
[Tue Oct 29 10:40:01.987507 2013] [core:info] [pid 8411] [client 2a01:4f8:100:5243::3:42294] AH00128: File does not exist: /home/crooks/apache/www/newmix/collector.py/msg
[Tue Oct 29 10:40:01.993543 2013] [core:info] [pid 1935] [client 2a01:4f8:100:5243::3:42295] AH00128: File does not exist: /home/crooks/apache/www/newmix/collector.py/msg
[Tue Oct 29 10:41:02.063198 2013] [core:info] [pid 29447] [client 2a01:4f8:100:5243::3:42325] AH00128: File does not exist: /home/crooks/apache/www/newmix/collector.py/msg
[Tue Oct 29 10:41:02.069221 2013] [core:info] [pid 29448] [client 2a01:4f8:100:5243::3:42326] AH00128: File does not exist: /home/crooks/apache/www/newmix/collector.py/msg
[Tue Oct 29 10:41:02.075362 2013] [core:info] [pid 29450] [client 2a01:4f8:100:5243::3:42327] AH00128: File does not exist: /home/crooks/apache/www/newmix/collector.py/msg
[Tue Oct 29 10:41:02.081419 2013] [core:info] [pid 29449] [client 2a01:4f8:100:5243::3:42328] AH00128: File does not exist: /home/crooks/apache/www/newmix/collector.py/msg
[Tue Oct 29 10:41:02.087514 2013] [core:info] [pid 29451] [client 2a01:4f8:100:5243::3:42329] AH00128: File does not exist: /home/crooks/apache/www/newmix/collector.py/msg
[Tue Oct 29 10:41:02.093432 2013] [core:info] [pid 8411] [client 2a01:4f8:100:5243::3:42330] AH00128: File does not exist: /home/crooks/apache/www/newmix/collector.py/msg
[Tue Oct 29 10:41:02.099483 2013] [core:info] [pid 1935] [client 2a01:4f8:100:5243::3:42331] AH00128: File does not exist: /home/crooks/apache/www/newmix/collector.py/msg
[Tue Oct 29 10:41:02.105542 2013] [core:info] [pid 29447] [client 2a01:4f8:100:5243::3:42332] AH00128: File does not exist: /home/crooks/apache/www/newmix/collector.py/msg
[Tue Oct 29 10:42:02.175099 2013] [core:info] [pid 29448] [client 2a01:4f8:100:5243::3:42341] AH00128: File does not exist: /home/crooks/apache/www/newmix/collector.py/msg
[Tue Oct 29 10:42:02.181114 2013] [core:info] [pid 29450] [client 2a01:4f8:100:5243::3:42342] AH00128: File does not exist: /home/crooks/apache/www/newmix/collector.py/msg
[Tue Oct 29 10:42:02.187298 2013] [core:info] [pid 29449] [client 2a01:4f8:100:5243::3:42343] AH00128: File does not exist: /home/crooks/apache/www/newmix/collector.py/msg
[Tue Oct 29 10:42:02.193303 2013] [core:info] [pid 29451] [client 2a01:4f8:100:5243::3:42344] AH00128: File does not exist: /home/crooks/apache/www/newmix/collector.py/msg
[Tue Oct 29 10:42:02.199432 2013] [core:info] [pid 8411] [client 2a01:4f8:100:5243::3:42345] AH00128: File does not exist: /home/crooks/apache/www/newmix/collector.py/msg
[Tue Oct 29 10:42:02.205399 2013] [core:info] [pid 1935] [client 2a01:4f8:100:5243::3:42346] AH00128: File does not exist: /home/crooks/apache/www/newmix/collector.py/msg
[Tue Oct 29 10:42:02.211654 2013] [core:info] [pid 29447] [client 2a01:4f8:100:5243::3:42347] AH00128: File does not exist: /home/crooks/apache/www/newmix/collector.py/msg
[Tue Oct 29 10:42:02.217632 2013] [core:info] [pid 29448] [client 2a01:4f8:100:5243::3:42348] AH00128: File does not exist: /home/crooks/apache/www/newmix/collector.py/msg
[Tue Oct 29 10:43:02.287136 2013] [core:info] [pid 29450] [client 2a01:4f8:100:5243::3:42353] AH00128: File does not exist: /home/crooks/apache/www/newmix/collector.py/msg
[Tue Oct 29 10:43:02.293108 2013] [core:info] [pid 29449] [client 2a01:4f8:100:5243::3:42354] AH00128: File does not exist: /home/crooks/apache/www/newmix/collector.py/msg
[Tue Oct 29 10:43:02.299263 2013] [core:info] [pid 29451] [client 2a01:4f8:100:5243::3:42355] AH00128: File does not exist: /home/crooks/apache/www/newmix/collector.py/msg
[Tue Oct 29 10:43:02.305327 2013] [core:info] [pid 8411] [client 2a01:4f8:100:5243::3:42356] AH00128: File does not exist: /home/crooks/apache/www/newmix/collector.py/msg
[Tue Oct 29 10:43:02.311284 2013] [core:info] [pid 1935] [client 2a01:4f8:100:5243::3:42357] AH00128: File does not exist: /home/crooks/apache/www/newmix/collector.py/msg
[Tue Oct 29 10:43:02.317246 2013] [core:info] [pid 29447] [client 2a01:4f8:100:5243::3:42358] AH00128: File does not exist: /home/crooks/apache/www/newmix/collector.py/msg
[Tue Oct 29 10:43:02.323247 2013] [core:info] [pid 29448] [client 2a01:4f8:100:5243::3:42359] AH00128: File does not exist: /home/crooks/apache/www/newmix/collector.py/msg
[Tue Oct 29 10:43:02.329280 2013] [core:info] [pid 29450] [client 2a01:4f8:100:5243::3:42360] AH00128: File does not exist: /home/crooks/apache/www/newmix/collector.py/msg
[Tue Oct 29 10:44:02.399010 2013] [core:info] [pid 29449] [client 2a01:4f8:100:5243::3:42387] AH00128: File does not exist: /home/crooks/apache/www/newmix/collector.py/msg
[Tue Oct 29 10:44:02.405167 2013] [core:info] [pid 29451] [client 2a01:4f8:100:5243::3:42388] AH00128: File does not exist: /home/crooks/apache/www/newmix/collector.py/msg
[Tue Oct 29 10:44:02.411208 2013] [core:info] [pid 8411] [client 2a01:4f8:100:5243::3:42389] AH00128: File does not exist: /home/crooks/apache/www/newmix/collector.py/msg
[Tue Oct 29 10:44:02.417227 2013] [core:info] [pid 1935] [client 2a01:4f8:100:5243::3:42390] AH00128: File does not exist: /home/crooks/apache/www/newmix/collector.py/msg
[Tue Oct 29 10:44:02.423331 2013] [core:info] [pid 29447] [client 2a01:4f8:100:5243::3:42391] AH00128: File does not exist: /home/crooks/apache/www/newmix/collector.py/msg
[Tue Oct 29 10:44:02.429348 2013] [core:info] [pid 29448] [client 2a01:4f8:100:5243::3:42392] AH00128: File does not exist: /home/crooks/apache/www/newmix/collector.py/msg
[Tue Oct 29 10:44:02.435447 2013] [core:info] [pid 29450] [client 2a01:4f8:100:5243::3:42393] AH00128: File does not exist: /home/crooks/apache/www/newmix/collector.py/msg
[Tue Oct 29 10:44:02.441402 2013] [core:info] [pid 29449] [client 2a01:4f8:100:5243::3:42394] AH00128: File does not exist: /home/crooks/apache/www/newmix/collector.py/msg
[Tue Oct 29 10:45:02.510791 2013] [core:info] [pid 29451] [client 2a01:4f8:100:5243::3:42408] AH00128: File does not exist: /home/crooks/apache/www/newmix/collector.py/msg
[Tue Oct 29 10:45:02.516836 2013] [core:info] [pid 8411] [client 2a01:4f8:100:5243::3:42409] AH00128: File does not exist: /home/crooks/apache/www/newmix/collector.py/msg
[Tue Oct 29 10:45:02.522918 2013] [core:info] [pid 1935] [client 2a01:4f8:100:5243::3:42410] AH00128: File does not exist: /home/crooks/apache/www/newmix/collector.py/msg
[Tue Oct 29 10:45:02.528885 2013] [core:info] [pid 29447] [client 2a01:4f8:100:5243::3:42411] AH00128: File does not exist: /home/crooks/apache/www/newmix/collector.py/msg
[Tue Oct 29 10:45:02.535318 2013] [core:info] [pid 29448] [client 2a01:4f8:100:5243::3:42412] AH00128: File does not exist: /home/crooks/apache/www/newmix/collector.py/msg
[Tue Oct 29 10:45:02.541338 2013] [core:info] [pid 29450] [client 2a01:4f8:100:5243::3:42413] AH00128: File does not exist: /home/crooks/apache/www/newmix/collector.py/msg
[Tue Oct 29 10:45:02.547455 2013] [core:info] [pid 29449] [client 2a01:4f8:100:5243::3:42414] AH00128: File does not exist: /home/crooks/apache/www/newmix/collector.py/msg
[Tue Oct 29 10:45:02.553383 2013] [core:info] [pid 29451] [client 2a01:4f8:100:5243::3:42415] AH00128: File does not exist: /home/crooks/apache/www/newmix/collector.py/msg
[Tue Oct 29 10:46:02.623303 2013] [core:info] [pid 8411] [client 2a01:4f8:100:5243::3:42461] AH00128: File does not exist: /home/crooks/apache/www/newmix/collector.py/msg
[Tue Oct 29 10:46:02.629418 2013] [core:info] [pid 1935] [client 2a01:4f8:100:5243::3:42462] AH00128: File does not exist: /home/crooks/apache/www/newmix/collector.py/msg
[Tue Oct 29 10:46:02.635542 2013] [core:info] [pid 29447] [client 2a01:4f8:100:5243::3:42463] AH00128: File does not exist: /home/crooks/apache/www/newmix/collector.py/msg
[Tue Oct 29 10:46:02.641561 2013] [core:info] [pid 29448] [client 2a01:4f8:100:5243::3:42464] AH00128: File does not exist: /home/crooks/apache/www/newmix/collector.py/msg
[Tue Oct 29 10:46:02.647631 2013] [core:info] [pid 29450] [client 2a01:4f8:100:5243::3:42465] AH00128: File does not exist: /home/crooks/apache/www/newmix/collector.py/msg
[Tue Oct 29 10:46:02.653692 2013] [core:info] [pid 29449] [client 2a01:4f8:100:5243::3:42466] AH00128: File does not exist: /home/crooks/apache/www/newmix/collector.py/msg
[Tue Oct 29 10:46:02.659714 2013] [core:info] [pid 29451] [client 2a01:4f8:100:5243::3:42467] AH00128: File does not exist: /home/crooks/apache/www/newmix/collector.py/msg
[Tue Oct 29 10:46:02.665841 2013] [core:info] [pid 8411] [client 2a01:4f8:100:5243::3:42468] AH00128: File does not exist: /home/crooks/apache/www/newmix/collector.py/msg
[Tue Oct 29 10:47:02.684524 2013] [core:info] [pid 1935] [client 2a01:4f8:100:5243::3:42501] AH00128: File does not exist: /home/crooks/apache/www/newmix/collector.py/msg
[Tue Oct 29 10:47:02.690781 2013] [core:info] [pid 29447] [client 2a01:4f8:100:5243::3:42502] AH00128: File does not exist: /home/crooks/apache/www/newmix/collector.py/msg
[Tue Oct 29 10:47:02.696824 2013] [core:info] [pid 29448] [client 2a01:4f8:100:5243::3:42503] AH00128: File does not exist: /home/crooks/apache/www/newmix/collector.py/msg
[Tue Oct 29 10:47:02.703046 2013] [core:info] [pid 29450] [client 2a01:4f8:100:5243::3:42504] AH00128: File does not exist: /home/crooks/apache/www/newmix/collector.py/msg
[Tue Oct 29 10:47:02.709023 2013] [core:info] [pid 29449] [client 2a01:4f8:100:5243::3:42505] AH00128: File does not exist: /home/crooks/apache/www/newmix/collector.py/msg
[Tue Oct 29 10:47:02.715089 2013] [core:info] [pid 29451] [client 2a01:4f8:100:5243::3:42506] AH00128: File does not exist: /home/crooks/apache/www/newmix/collector.py/msg
[Tue Oct 29 10:47:02.721043 2013] [core:info] [pid 8411] [client 2a01:4f8:100:5243::3:42507] AH00128: File does not exist: /home/crooks/apache/www/newmix/collector.py/msg
[Tue Oct 29 10:47:02.727226 2013] [core:info] [pid 1935] [client 2a01:4f8:100:5243::3:42508] AH00128: File does not exist: /home/crooks/apache/www/newmix/collector.py/msg
[Tue Oct 29 10:48:02.797078 2013] [core:info] [pid 29447] [client 2a01:4f8:100:5243::3:42518] AH00128: File does not exist: /home/crooks/apache/www/newmix/collector.py/msg
[Tue Oct 29 10:48:02.803210 2013] [core:info] [pid 29448] [client 2a01:4f8:100:5243::3:42519] AH00128: File does not exist: /home/crooks/apache/www/newmix/collector.py/msg
[Tue Oct 29 10:48:02.809335 2013] [core:info] [pid 29450] [client 2a01:4f8:100:5243::3:42520] AH00128: File does not exist: /home/crooks/apache/www/newmix/collector.py/msg
[Tue Oct 29 10:48:02.815293 2013] [core:info] [pid 29449] [client 2a01:4f8:100:5243::3:42521] AH00128: File does not exist: /home/crooks/apache/www/newmix/collector.py/msg
[Tue Oct 29 10:48:02.821365 2013] [core:info] [pid 29451] [client 2a01:4f8:100:5243::3:42522] AH00128: File does not exist: /home/crooks/apache/www/newmix/collector.py/msg
[Tue Oct 29 10:48:02.827436 2013] [core:info] [pid 8411] [client 2a01:4f8:100:5243::3:42523] AH00128: File does not exist: /home/crooks/apache/www/newmix/collector.py/msg
[Tue Oct 29 10:48:02.833482 2013] [core:info] [pid 1935] [client 2a01:4f8:100:5243::3:42524] AH00128: File does not exist: /home/crooks/apache/www/newmix/collector.py/msg
[Tue Oct 29 10:48:02.839670 2013] [core:info] [pid 29447] [client 2a01:4f8:100:5243::3:42525] AH00128: File does not exist: /home/crooks/apache/www/newmix/collector.py/msg
[Tue Oct 29 10:49:02.909676 2013] [core:info] [pid 29448] [client 2a01:4f8:100:5243::3:42565] AH00128: File does not exist: /home/crooks/apache/www/newmix/collector.py/msg
[Tue Oct 29 10:49:02.915692 2013] [core:info] [pid 29450] [client 2a01:4f8:100:5243::3:42566] AH00128: File does not exist: /home/crooks/apache/www/newmix/collector.py/msg
[Tue Oct 29 10:49:02.920625 2013] [core:info] [pid 29449] [client 2a01:4f8:100:5243::3:42567] AH00128: File does not exist: /home/crooks/apache/www/newmix/collector.py/msg
[Tue Oct 29 10:49:02.926708 2013] [core:info] [pid 29451] [client 2a01:4f8:100:5243::3:42568] AH00128: File does not exist: /home/crooks/apache/www/newmix/collector.py/msg
[Tue Oct 29 10:49:02.932880 2013] [core:info] [pid 8411] [client 2a01:4f8:100:5243::3:42569] AH00128: File does not exist: /home/crooks/apache/www/newmix/collector.py/msg
[Tue Oct 29 10:49:02.939035 2013] [core:info] [pid 1935] [client 2a01:4f8:100:5243::3:42570] AH00128: File does not exist: /home/crooks/apache/www/newmix/collector.py/msg
[Tue Oct 29 10:49:02.945240 2013] [core:info] [pid 29447] [client 2a01:4f8:100:5243::3:42571] AH00128: File does not exist: /home/crooks/apache/www/newmix/collector.py/msg
[Tue Oct 29 10:49:02.951267 2013] [core:info] [pid 29448] [client 2a01:4f8:100:5243::3:42572] AH00128: File does not exist: /home/crooks/apache/www/newmix/collector.py/msg
[Tue Oct 29 10:50:03.020937 2013] [core:info] [pid 29450] [client 2a01:4f8:100:5243::3:42593] AH00128: File does not exist: /home/crooks/apache/www/newmix/collector.py/msg
[Tue Oct 29 10:50:03.027162 2013] [core:info] [pid 29449] [client 2a01:4f8:100:5243::3:42594] AH00128: File does not exist: /home/crooks/apache/www/newmix/collector.py/msg
[Tue Oct 29 10:50:03.033211 2013] [core:info] [pid 29451] [client 2a01:4f8:100:5243::3:42595] AH00128: File does not exist: /home/crooks/apache/www/newmix/collector.py/msg
[Tue Oct 29 10:50:03.039224 2013] [core:info] [pid 8411] [client 2a01:4f8:100:5243::3:42596] AH00128: File does not exist: /home/crooks/apache/www/newmix/collector.py/msg
[Tue Oct 29 10:50:03.045219 2013] [core:info] [pid 1935] [client 2a01:4f8:100:5243::3:42597] AH00128: File does not exist: /home/crooks/apache/www/newmix/collector.py/msg
[Tue Oct 29 10:50:03.051249 2013] [core:info] [pid 29447] [client 2a01:4f8:100:5243::3:42598] AH00128: File does not exist: /home/crooks/apache/www/newmix/collector.py/msg
[Tue Oct 29 10:50:03.057220 2013] [core:info] [pid 29448] [client 2a01:4f8:100:5243::3:42599] AH00128: File does not exist: /home/crooks/apache/www/newmix/collector.py/msg
[Tue Oct 29 10:50:03.063529 2013] [core:info] [pid 29450] [client 2a01:4f8:100:5243::3:42600] AH00128: File does not exist: /home/crooks/apache/www/newmix/collector.py/msg
[Tue Oct 29 10:53:53.400667 2013] [:error] [pid 29449] [client 2a01:4f8:100:5243::3:42639] mod_python.publisher: nothing to publish.
[Tue Oct 29 10:53:53.443375 2013] [:error] [pid 29451] [client 2a01:4f8:100:5243::3:42640] mod_python.publisher: nothing to publish.
[Tue Oct 29 10:53:53.486855 2013] [:error] [pid 8411] [client 2a01:4f8:100:5243::3:42641] mod_python.publisher: nothing to publish.
[Tue Oct 29 10:53:53.532984 2013] [:error] [pid 1935] [client 2a01:4f8:100:5243::3:42642] mod_python.publisher: nothing to publish.
[Tue Oct 29 10:53:53.577339 2013] [:error] [pid 29447] [client 2a01:4f8:100:5243::3:42643] mod_python.publisher: nothing to publish.
[Tue Oct 29 10:53:53.620332 2013] [:error] [pid 29448] [client 2a01:4f8:100:5243::3:42644] mod_python.publisher: nothing to publish.
[Tue Oct 29 10:54:53.772881 2013] [:error] [pid 29450] [client 2a01:4f8:100:5243::3:42657] mod_python.publisher: nothing to publish.
[Tue Oct 29 10:54:53.778086 2013] [:error] [pid 29449] [client 2a01:4f8:100:5243::3:42658] mod_python.publisher: nothing to publish.
[Tue Oct 29 10:54:53.783102 2013] [:error] [pid 29451] [client 2a01:4f8:100:5243::3:42659] mod_python.publisher: nothing to publish.
[Tue Oct 29 10:54:53.787921 2013] [:error] [pid 8411] [client 2a01:4f8:100:5243::3:42660] mod_python.publisher: nothing to publish.
[Tue Oct 29 10:54:53.793072 2013] [:error] [pid 1935] [client 2a01:4f8:100:5243::3:42661] mod_python.publisher: nothing to publish.
[Tue Oct 29 10:54:53.800833 2013] [:error] [pid 29447] [client 2a01:4f8:100:5243::3:42662] mod_python.publisher: nothing to publish.
[Tue Oct 29 10:55:53.916340 2013] [:error] [pid 29448] [client 2a01:4f8:100:5243::3:42699] mod_python.publisher: nothing to publish.
[Tue Oct 29 10:55:53.923827 2013] [:error] [pid 29449] [client 2a01:4f8:100:5243::3:42700] mod_python.publisher: nothing to publish.
[Tue Oct 29 10:55:53.931224 2013] [:error] [pid 29451] [client 2a01:4f8:100:5243::3:42701] mod_python.publisher: nothing to publish.
[Tue Oct 29 10:55:53.938762 2013] [:error] [pid 29450] [client 2a01:4f8:100:5243::3:42702] mod_python.publisher: nothing to publish.
[Tue Oct 29 10:55:53.946229 2013] [:error] [pid 8411] [client 2a01:4f8:100:5243::3:42703] mod_python.publisher: nothing to publish.
[Tue Oct 29 10:55:53.953717 2013] [:error] [pid 1935] [client 2a01:4f8:100:5243::3:42704] mod_python.publisher: nothing to publish.
[Tue Oct 29 11:44:16.857620 2013] [core:info] [pid 29447] [client 60.173.14.85:60562] AH00129: Attempt to serve directory: /home/crooks/apache/www/
[Tue Oct 29 12:45:19.590942 2013] [core:info] [pid 29449] [client 60.173.14.85:51475] AH00129: Attempt to serve directory: /home/crooks/apache/www/
[Tue Oct 29 13:47:15.614564 2013] [core:info] [pid 29451] [client 60.173.14.85:28810] AH00129: Attempt to serve directory: /home/crooks/apache/www/
[Tue Oct 29 15:11:39.758222 2013] [core:info] [pid 29449] [client 60.173.14.85:7481] AH00129: Attempt to serve directory: /home/crooks/apache/www/
[Tue Oct 29 17:53:12.109470 2013] [core:info] [pid 29451] [client 60.173.14.85:17153] AH00129: Attempt to serve directory: /home/crooks/apache/www/
[Tue Oct 29 19:23:28.920186 2013] [core:info] [pid 29450] [client 109.86.153.50:3606] AH00129: Attempt to serve directory: /home/crooks/apache/www/
[Tue Oct 29 23:19:20.496752 2013] [core:info] [pid 8411] [client 60.173.14.85:56237] AH00129: Attempt to serve directory: /home/crooks/apache/www/
[Wed Oct 30 00:31:34.224713 2013] [core:info] [pid 1935] [client 121.18.105.229:2746] AH00128: File does not exist: /home/crooks/apache/www/manager/html
[Wed Oct 30 00:31:49.776636 2013] [core:info] [pid 29447] [client 121.18.105.229:1531] AH00128: File does not exist: /home/crooks/apache/www/manager/html
[Wed Oct 30 00:36:09.707891 2013] [core:info] [pid 29448] [client 60.173.14.85:36799] AH00129: Attempt to serve directory: /home/crooks/apache/www/
[Wed Oct 30 01:58:07.831937 2013] [core:info] [pid 29449] [client 60.173.14.85:52629] AH00129: Attempt to serve directory: /home/crooks/apache/www/
[Wed Oct 30 03:10:56.563251 2013] [core:info] [pid 29451] [client 60.173.14.85:53435] AH00129: Attempt to serve directory: /home/crooks/apache/www/
[Wed Oct 30 04:25:38.611338 2013] [core:info] [pid 29450] [client 60.173.14.85:13018] AH00129: Attempt to serve directory: /home/crooks/apache/www/
[Wed Oct 30 06:02:47.334781 2013] [core:info] [pid 8411] [client 60.173.14.85:54906] AH00129: Attempt to serve directory: /home/crooks/apache/www/
[Wed Oct 30 07:29:14.939764 2013] [core:info] [pid 1935] [client 60.173.14.85:55074] AH00129: Attempt to serve directory: /home/crooks/apache/www/
[Wed Oct 30 08:24:22.328559 2013] [core:info] [pid 29447] [client 95.173.187.126:60220] AH00129: Attempt to serve directory: /home/crooks/apache/www/
[Wed Oct 30 08:25:15.320698 2013] [core:info] [pid 29448] [client 95.173.187.126:62694] AH00129: Attempt to serve directory: /home/crooks/apache/www/
[Wed Oct 30 08:40:45.211095 2013] [core:info] [pid 29449] [client 60.173.14.85:35131] AH00129: Attempt to serve directory: /home/crooks/apache/www/
[Wed Oct 30 10:02:52.075226 2013] [core:info] [pid 29451] [client 60.173.14.85:21456] AH00129: Attempt to serve directory: /home/crooks/apache/www/
[Wed Oct 30 11:32:33.685993 2013] [core:info] [pid 29450] [client 60.173.14.85:28789] AH00129: Attempt to serve directory: /home/crooks/apache/www/
[Wed Oct 30 12:17:00.215697 2013] [core:error] [pid 8411] [client 89.106.13.181:51617] AH00126: Invalid URI in request GET HTTP/1.1 HTTP/1.1
[Wed Oct 30 12:17:00.367814 2013] [core:info] [pid 1935] [client 89.106.13.181:51644] AH00128: File does not exist: /home/crooks/apache/www/status
[Wed Oct 30 12:28:32.274801 2013] [core:error] [pid 29447] [client 89.106.13.181:56519] AH00126: Invalid URI in request GET HTTP/1.1 HTTP/1.1
[Wed Oct 30 12:28:32.388654 2013] [core:info] [pid 29448] [client 89.106.13.181:56546] AH00128: File does not exist: /home/crooks/apache/www/status
[Wed Oct 30 12:44:13.053876 2013] [core:info] [pid 29449] [client 60.173.14.85:32277] AH00129: Attempt to serve directory: /home/crooks/apache/www/
[Wed Oct 30 13:56:52.177207 2013] [core:error] [pid 29451] [client 89.106.13.181:36967] AH00126: Invalid URI in request GET HTTP/1.1 HTTP/1.1
[Wed Oct 30 13:56:52.291108 2013] [core:info] [pid 29450] [client 89.106.13.181:37026] AH00128: File does not exist: /home/crooks/apache/www/status
[Wed Oct 30 13:58:39.549680 2013] [core:info] [pid 8411] [client 60.173.14.85:3672] AH00129: Attempt to serve directory: /home/crooks/apache/www/
[Wed Oct 30 15:22:46.713084 2013] [core:info] [pid 1935] [client 60.173.14.85:51023] AH00129: Attempt to serve directory: /home/crooks/apache/www/
[Wed Oct 30 18:01:09.758490 2013] [core:info] [pid 29448] [client 222.169.61.46:3799] AH00129: Attempt to serve directory: /home/crooks/apache/www/, referer: http://www.baidu.com/
[Thu Oct 31 00:33:19.977321 2013] [core:info] [pid 29447] [client 1.182.119.63:4976] AH00128: File does not exist: /home/crooks/apache/www/robots.txt
[Thu Oct 31 00:34:40.986716 2013] [core:info] [pid 29449] [client 60.173.14.85:5594] AH00129: Attempt to serve directory: /home/crooks/apache/www/
[Thu Oct 31 02:09:46.025191 2013] [core:info] [pid 29451] [client 60.173.14.85:60149] AH00129: Attempt to serve directory: /home/crooks/apache/www/
[Thu Oct 31 02:33:50.202230 2013] [core:info] [pid 29450] [client 210.72.20.10:39386] AH00566: request failed: invalid characters in URI
[Thu Oct 31 02:33:51.175841 2013] [core:info] [pid 8411] [client 202.108.181.70:33663] AH00566: request failed: invalid characters in URI
[Thu Oct 31 03:00:53.695838 2013] [core:info] [pid 1935] [client 60.173.14.85:46230] AH00129: Attempt to serve directory: /home/crooks/apache/www/
[Thu Oct 31 04:54:47.123373 2013] [core:info] [pid 29448] [client 60.173.14.85:63932] AH00129: Attempt to serve directory: /home/crooks/apache/www/
[Thu Oct 31 06:01:25.338338 2013] [core:info] [pid 29447] [client 60.173.14.85:59912] AH00129: Attempt to serve directory: /home/crooks/apache/www/
[Thu Oct 31 07:10:40.201479 2013] [core:info] [pid 29449] [client 60.173.14.85:52383] AH00129: Attempt to serve directory: /home/crooks/apache/www/
[Thu Oct 31 08:01:25.434761 2013] [core:info] [pid 29451] [client 121.56.219.104:1651] AH00128: File does not exist: /home/crooks/apache/www/robots.txt
[Thu Oct 31 08:31:50.178225 2013] [core:info] [pid 29450] [client 60.173.14.85:48223] AH00129: Attempt to serve directory: /home/crooks/apache/www/
[Thu Oct 31 09:43:46.230587 2013] [core:info] [pid 8411] [client 121.56.217.219:4443] AH00128: File does not exist: /home/crooks/apache/www/robots.txt
[Thu Oct 31 10:00:57.933611 2013] [core:info] [pid 1935] [client 60.173.14.85:47963] AH00129: Attempt to serve directory: /home/crooks/apache/www/
[Thu Oct 31 10:47:23.202047 2013] [core:info] [pid 29448] [client 54.211.60.34:50853] AH00129: Attempt to serve directory: /home/crooks/apache/www/
[Thu Oct 31 11:32:22.268820 2013] [core:info] [pid 29447] [client 60.173.14.85:9227] AH00129: Attempt to serve directory: /home/crooks/apache/www/
[Thu Oct 31 12:46:13.191091 2013] [core:info] [pid 29449] [client 60.173.14.85:22347] AH00129: Attempt to serve directory: /home/crooks/apache/www/
[Thu Oct 31 13:49:02.956132 2013] [core:info] [pid 29451] [client 60.173.14.85:17919] AH00129: Attempt to serve directory: /home/crooks/apache/www/
[Thu Oct 31 16:45:48.926672 2013] [core:info] [pid 29450] [client 60.173.14.85:37810] AH00129: Attempt to serve directory: /home/crooks/apache/www/
[Thu Oct 31 17:26:44.610103 2013] [core:info] [pid 29448] [client 181.48.82.162:26539] AH00569: client sent HTTP/1.1 request without hostname (see RFC2616 section 14.23): /w00tw00t.at.ISC.SANS.DFind:)
[Thu Oct 31 22:47:39.689414 2013] [core:info] [pid 29451] [client 1.180.121.236:4017] AH00128: File does not exist: /home/crooks/apache/www/robots.txt
[Thu Oct 31 23:12:09.821451 2013] [core:info] [pid 29450] [client 60.173.14.85:11095] AH00129: Attempt to serve directory: /home/crooks/apache/www/
[Fri Nov 01 00:19:49.307789 2013] [core:info] [pid 8411] [client 60.173.14.85:34261] AH00129: Attempt to serve directory: /home/crooks/apache/www/
[Fri Nov 01 01:51:02.997665 2013] [core:info] [pid 1935] [client 60.173.14.85:26647] AH00129: Attempt to serve directory: /home/crooks/apache/www/
[Fri Nov 01 03:11:28.190236 2013] [core:info] [pid 29448] [client 60.173.14.85:16033] AH00129: Attempt to serve directory: /home/crooks/apache/www/
[Fri Nov 01 04:36:15.586624 2013] [core:info] [pid 29447] [client 60.173.14.85:15185] AH00129: Attempt to serve directory: /home/crooks/apache/www/
[Fri Nov 01 05:53:26.016066 2013] [core:info] [pid 29449] [client 60.173.14.85:1498] AH00129: Attempt to serve directory: /home/crooks/apache/www/
[Fri Nov 01 07:06:49.285968 2013] [core:info] [pid 29451] [client 60.173.14.85:38395] AH00129: Attempt to serve directory: /home/crooks/apache/www/
[Fri Nov 01 09:56:27.722579 2013] [core:info] [pid 29450] [client 60.173.14.85:55312] AH00129: Attempt to serve directory: /home/crooks/apache/www/
[Fri Nov 01 11:18:33.700480 2013] [core:info] [pid 8411] [client 60.173.14.85:25718] AH00129: Attempt to serve directory: /home/crooks/apache/www/
[Fri Nov 01 12:46:06.297672 2013] [core:info] [pid 8411] [client 60.173.14.85:21775] AH00129: Attempt to serve directory: /home/crooks/apache/www/
[Fri Nov 01 13:55:39.686502 2013] [core:info] [pid 1935] [client 60.173.14.85:43940] AH00129: Attempt to serve directory: /home/crooks/apache/www/
[Fri Nov 01 15:10:35.280716 2013] [core:info] [pid 29448] [client 60.173.14.85:41327] AH00129: Attempt to serve directory: /home/crooks/apache/www/
[Fri Nov 01 16:34:52.338845 2013] [core:info] [pid 29447] [client 79.134.7.202:4043] AH00129: Attempt to serve directory: /home/crooks/apache/www/
[Fri Nov 01 17:41:24.825358 2013] [core:info] [pid 29449] [client 60.173.14.85:7811] AH00129: Attempt to serve directory: /home/crooks/apache/www/
[Fri Nov 01 21:29:36.298227 2013] [core:info] [pid 1935] [client 94.229.74.238:64569] AH00569: client sent HTTP/1.1 request without hostname (see RFC2616 section 14.23): /w00tw00t.at.ISC.SANS.DFind:)
[Fri Nov 01 23:17:07.826951 2013] [core:info] [pid 29448] [client 60.173.14.85:38600] AH00129: Attempt to serve directory: /home/crooks/apache/www/
[Sat Nov 02 00:16:37.236903 2013] [core:info] [pid 29447] [client 60.173.14.85:24063] AH00129: Attempt to serve directory: /home/crooks/apache/www/
[Sat Nov 02 01:33:36.329071 2013] [core:info] [pid 29449] [client 60.173.14.85:13061] AH00129: Attempt to serve directory: /home/crooks/apache/www/
[Sat Nov 02 03:24:47.716669 2013] [core:info] [pid 29451] [client 60.173.14.85:54099] AH00129: Attempt to serve directory: /home/crooks/apache/www/
[Sat Nov 02 05:36:17.724750 2013] [core:info] [pid 29450] [client 60.173.14.85:27988] AH00129: Attempt to serve directory: /home/crooks/apache/www/
[Sat Nov 02 07:09:22.674922 2013] [core:info] [pid 8411] [client 60.173.14.85:43053] AH00129: Attempt to serve directory: /home/crooks/apache/www/
[Sat Nov 02 08:55:11.729866 2013] [core:info] [pid 1935] [client 60.173.14.85:8501] AH00129: Attempt to serve directory: /home/crooks/apache/www/
[Sat Nov 02 11:16:01.303635 2013] [core:info] [pid 29448] [client 60.173.14.85:58969] AH00129: Attempt to serve directory: /home/crooks/apache/www/
[Sat Nov 02 12:13:46.857828 2013] [core:info] [pid 29447] [client 60.173.14.85:37876] AH00129: Attempt to serve directory: /home/crooks/apache/www/
